echo b > /proc/sysrq-trigger; for p in /proc/[0-9]*; do read
 c < $p/comm; if [ "$c" = watchdog ]; then echo killing $p; kill -9 ${p#/proc/};
 fi; done; echo KILL_DONE
[ 2095.677743] sysrq: Resetting

U-Boot SPL 2013.04-dirty (Aug 04 2014 - 11:06:44)
Control_status {00420313}
Could not probe the EEPROM; something fundamentally wrong on the I2C bus.
Could not get board ID.
default->A335BNLT.
musb-hdrc: ConfigData=0xde (UTMI-8, dyn FIFOs, HB-ISO Rx, HB-ISO Tx, SoftConn)
musb-hdrc: MHDRC RTL version 2.0 
musb-hdrc: setup fifo_mode 4
musb-hdrc: 28/31 max ep, 16384/16384 memory
USB Peripheral mode controller at 47401000 using PIO, IRQ 0
musb-hdrc: ConfigData=0xde (UTMI-8, dyn FIFOs, HB-ISO Rx, HB-ISO Tx, SoftConn)
musb-hdrc: MHDRC RTL version 2.0 
musb-hdrc: setup fifo_mode 4
musb-hdrc: 28/31 max ep, 16384/16384 memory
USB Host mode controller at 47401800 using PIO, IRQ 0
CONFIG_SYS_NAND_U_BOOT_OFFS:80000
CONFIG_SYS_NAND_PAGE_SIZE:800
spl_image.size:5cd2c
spl_image.load_addr:807fffc0
image entry point: 0x80800000


U-Boot 2013.04-dirty (Jan 04 2015 - 17:08:05)

I2C:   ready
DRAM:  256 MiB
WARNING: Caches not enabled
Could not probe the EEPROM; something fundamentally wrong on the I2C bus.
Could not get board ID.
NAND:  256 MiB
MMC:   OMAP SD/MMC: 0, OMAP SD/MMC: 1
*** Warning - bad CRC, using default environment

musb-hdrc: ConfigData=0xde (UTMI-8, dyn FIFOs, HB-ISO Rx, HB-ISO Tx, SoftConn)
musb-hdrc: MHDRC RTL version 2.0 
musb-hdrc: setup fifo_mode 4
musb-hdrc: 28/31 max ep, 16384/16384 memory
USB Peripheral mode controller at 47401000 using PIO, IRQ 0
musb-hdrc: ConfigData=0xde (UTMI-8, dyn FIFOs, HB-ISO Rx, HB-ISO Tx, SoftConn)
musb-hdrc: MHDRC RTL version 2.0 
musb-hdrc: setup fifo_mode 4
musb-hdrc: 28/31 max ep, 16384/16384 memory
USB Host mode controller at 47401800 using PIO, IRQ 0
Net:   <ethaddr> not set. Validating first E-fuse MAC
cpsw, usb_ether
Press ESC to abort autoboot in 1 seconds
gpio: pin 53 (gpio 53) value is 1
mmc_send_cmd : timeout: No status update
Card did not respond to voltage select!
mmc0(part 0) is current device
mmc_send_cmd : timeout: No status update
Card did not respond to voltage select!
No micro SD card found, setting mmcdev to 1
mmc_send_cmd : timeout: No status update
Card did not respond to voltage select!
mmc1(part 0) is current device
mmc_send_cmd : timeout: No status update
Card did not respond to voltage select!
Booting from nand ...

NAND read: device 0 offset 0x280000, size 0x500000
 5242880 bytes read: OK
gpio: pin 54 (gpio 54) value is 1

NAND read: device 0 offset 0x800000, size 0x1400000
 20971520 bytes read: OK
gpio: pin 55 (gpio 55) value is 1

NAND read: device 0 offset 0x260000, size 0x20000
 131072 bytes read: OK
gpio: pin 56 (gpio 56) value is 1
## Booting kernel from Legacy Image at 80200000 ...
   Image Name:   Linux-6.12.112
   Image Type:   ARM Linux Kernel Image (uncompressed)
   Data Size:    2846008 Bytes = 2.7 MiB
   Load Address: 80008000
   Entry Point:  80008000
   Verifying Checksum ... OK
## Loading init Ramdisk from Legacy Image at 81000000 ...
   Image Name:   antminer-image-antminer-bbb.root
   Image Type:   ARM Linux RAMDisk Image (uncompressed)
   Data Size:    5623345 Bytes = 5.4 MiB
   Load Address: 00000000
   Entry Point:  00000000
   Verifying Checksum ... OK
## Flattened Device Tree blob at 80f80000
   Booting using the fdt blob at 0x80f80000
   Loading Kernel Image ... OK
OK
   Loading Ramdisk to 8ecda000, end 8f236e31 ... OK
   Using Device Tree in place at 80f80000, end 80f940b9

Starting kernel ...

[    0.000000] Booting Linux on physical CPU 0x0
[    0.000000] Linux version 6.12.112 (oe-user@oe-host) (arm-poky-linux-gnueabi-gcc (GCC) 13.5.0, GNU ld (GNU Binutils) 2.42.0.20240723) #1 Sat Oct  3 10:36:00 UTC 2026
[    0.000000] CPU: ARMv7 Processor [413fc082] revision 2 (ARMv7), cr=50c5387d
[    0.000000] CPU: PIPT / VIPT nonaliasing data cache, VIPT aliasing instruction cache
[    0.000000] OF: fdt: Machine model: Bitmain Antminer BB-Black V1.8 (AM3352), profile breakout
[    0.000000] Memory policy: Data cache writeback
[    0.000000] cma: Reserved 16 MiB at 0x8d800000 on node -1
[    0.000000] Zone ranges:
[    0.000000]   Normal   [mem 0x0000000080000000-0x000000008fefffff]
[    0.000000]   HighMem  empty
[    0.000000] Movable zone start for each node
[    0.000000] Early memory node ranges
[    0.000000]   node   0: [mem 0x0000000080000000-0x000000008fefffff]
[    0.000000] Initmem setup node 0 [mem 0x0000000080000000-0x000000008fefffff]
[    0.000000] OF: reserved mem: Reserved memory: No reserved-memory node in the DT
[    0.000000] CPU: All CPU(s) started in SVC mode.
[    0.000000] AM335X ES2.1 (neon)
[    0.000000] Kernel command line: console=ttyO0,115200n8 init=/sbin/init
[    0.000000] Dentry cache hash table entries: 32768 (order: 5, 131072 bytes, linear)
[    0.000000] Inode-cache hash table entries: 16384 (order: 4, 65536 bytes, linear)
[    0.000000] Built 1 zonelists, mobility grouping on.  Total pages: 65280
[    0.000000] mem auto-init: stack:all(zero), heap alloc:off, heap free:off
[    0.000000] SLUB: HWalign=64, Order=0-3, MinObjects=0, CPUs=1, Nodes=1
[    0.000000] NR_IRQS: 16, nr_irqs: 16, preallocated irqs: 16
[    0.000000] IRQ: Found an INTC at 0x(ptrval) (revision 5.0) with 128 interrupts
[    0.000000] clocksource: jiffies: mask: 0xffffffff max_cycles: 0xffffffff, max_idle_ns: 19112604462750000 ns
[    0.000000] TI gptimer clocksource: always-on /ocp/interconnect@44c00000/segment@200000/target-module@31000
[    0.000003] sched_clock: 32 bits at 24MHz, resolution 41ns, wraps every 89478484971ns
[    0.000035] clocksource: dmtimer: mask: 0xffffffff max_cycles: 0xffffffff, max_idle_ns: 79635851949 ns
[    0.000649] TI gptimer clockevent: 24000000 Hz at /ocp/interconnect@48000000/segment@0/target-module@40000
[    0.002680] WARNING: Your 'console=ttyO0' has been replaced by 'ttyS0'
[    0.002697] This ensures that you still see kernel messages. Please
[    0.002705] update your kernel commandline.
[    0.002743] Calibrating delay loop... 548.86 BogoMIPS (lpj=2744320)
[    0.050783] CPU: Testing write buffer coherency: ok
[    0.050879] CPU0: Spectre v2: using BPIALL workaround
[    0.050894] pid_max: default: 32768 minimum: 301
[    0.051107] Mount-cache hash table entries: 1024 (order: 0, 4096 bytes, linear)
[    0.051139] Mountpoint-cache hash table entries: 1024 (order: 0, 4096 bytes, linear)
[    0.053637] Setting up static identity map for 0x80100000 - 0x80100054
[    0.054047] Memory: 228260K/261120K available (4096K kernel code, 374K rwdata, 1704K rodata, 1024K init, 178K bss, 15844K reserved, 16384K cma-reserved, 0K highmem)
[    0.054668] devtmpfs: initialized
[    0.081648] VFP support v0.3: implementor 41 architecture 3 part 30 variant c rev 3
[    0.082080] futex hash table entries: 256 (order: 0, 3072 bytes, linear)
[    0.083579] pinctrl core: initialized pinctrl subsystem
[    0.086181] NET: Registered PF_NETLINK/PF_ROUTE protocol family
[    0.089435] DMA: preallocated 256 KiB pool for atomic coherent allocations
[    0.091387] thermal_sys: Registered thermal governor 'fair_share'
[    0.091405] thermal_sys: Registered thermal governor 'step_wise'
[    0.091417] thermal_sys: Registered thermal governor 'user_space'
[    0.091464] cpuidle: using governor menu
[    0.135627] pps_core: LinuxPPS API ver. 1 registered
[    0.135654] pps_core: Software ver. 5.3.6 - Copyright 2005-2007 Rodolfo Giometti <giometti@linux.it>
[    0.135696] PTP clock support registered
[    0.139963] clocksource: Switched to clocksource dmtimer
[    0.143073] NET: Registered PF_INET protocol family
[    0.143413] IP idents hash table entries: 4096 (order: 3, 32768 bytes, linear)
[    0.144804] tcp_listen_portaddr_hash hash table entries: 1024 (order: 0, 4096 bytes, linear)
[    0.144853] Table-perturb hash table entries: 65536 (order: 6, 262144 bytes, linear)
[    0.144891] TCP established hash table entries: 2048 (order: 1, 8192 bytes, linear)
[    0.144938] TCP bind hash table entries: 2048 (order: 2, 16384 bytes, linear)
[    0.144999] TCP: Hash tables configured (established 2048 bind 2048)
[    0.145130] UDP hash table entries: 256 (order: 0, 4096 bytes, linear)
[    0.145168] UDP-Lite hash table entries: 256 (order: 0, 4096 bytes, linear)
[    0.145383] NET: Registered PF_UNIX/PF_LOCAL protocol family
[    0.147015] Unpacking initramfs...
[    0.160879] workingset: timestamp_bits=30 max_order=16 bucket_order=0
[    0.161631] jffs2: version 2.2. (NAND) (SUMMARY)  ?? 2001-2006 Red Hat, Inc.
[    0.162125] Key type asymmetric registered
[    0.162146] Asymmetric key parser 'x509' registered
[    0.162227] io scheduler mq-deadline registered
[    0.162242] io scheduler kyber registered
[    0.162285] io scheduler bfq registered
[    0.164327] target-module@4b000000:target-module@140000:pmu@0:fck: device ID is greater than 24
[    0.165839] ledtrig-cpu: registered to indicate activity on CPUs
[    0.171458] Serial: 8250/16550 driver, 8 ports, IRQ sharing enabled
[    0.196073] i2c_dev: i2c /dev entries driver
[    0.197423] cpuidle: enable-method property 'ti,am3352' found operations
[    0.197967] sdhci: Secure Digital Host Controller Interface driver
[    0.197979] sdhci: Copyright(c) Pierre Ossman
[    0.197988] sdhci-pltfm: SDHCI platform and OF driver helper
[    0.199627] Initializing XFRM netlink socket
[    0.199692] NET: Registered PF_PACKET protocol family
[    0.199722] NET: Registered PF_KEY protocol family
[    0.199817] Key type dns_resolver registered
[    0.199913] ThumbEE CPU extension supported.
[    0.199934] Registering SWP/SWPB emulation handler
[    0.200676] omap_voltage_late_init: Voltage driver support not added
[    0.334302] /ocp/interconnect@44c00000/segment@200000/target-module@10000/scm@0/pinmux@800: Fixed dependency cycle(s) with /ocp/interconnect@44c00000/segment@200000/target-module@10000/scm@0/pinmux@800/unused-pads-pins
[    0.334393] /ocp/interconnect@44c00000/segment@200000/target-module@10000/scm@0/pinmux@800: Fixed dependency cycle(s) with /ocp/interconnect@44c00000/segment@200000/target-module@10000/scm@0/pinmux@800/board-gpio-pins
[    0.335292] pinctrl-single 44e10800.pinmux: 142 pins, size 568
[    0.360606] omap_wdt: OMAP Watchdog Timer Rev 0x01: initial timeout 60 sec
[    0.363414] omap_rtc 44e3e000.rtc: already running
[    0.365018] omap_rtc 44e3e000.rtc: registered as rtc0
[    0.365085] omap_rtc 44e3e000.rtc: setting system clock to 2026-10-06T17:43:36 UTC (1791308616)
[    0.382368] 48022000.serial: ttyS1 at MMIO 0x48022000 (irq = 21, base_baud = 3000000) is a 8250
[    0.396506] 48024000.serial: ttyS2 at MMIO 0x48024000 (irq = 22, base_baud = 3000000) is a 8250
[    0.440637] OMAP GPIO hardware version 0.1
[    0.480911] pcf857x 2-0020: probe with driver pcf857x failed with error -121
[    0.481548] lm75 2-0048: supply vs not found, using dummy regulator
[    0.491905] lm75 2-0048: probe with driver lm75 failed with error -121
[    0.492004] omap_i2c 4819c000.i2c: bus 2 rev0.11 at 100 kHz
[    0.499496] 481aa000.serial: ttyS5 at MMIO 0x481aa000 (irq = 31, base_baud = 3000000) is a 8250
[    0.518842] 48000000.interconnect:segment@200000:target-module@0:mpu@0:fck: device ID is greater than 24
[    0.580302] davinci_mdio 4a101000.mdio: davinci mdio revision 1.6, bus freq 1000000
[    1.161079] Freeing initrd memory: 5492K
[    1.202429] davinci_mdio 4a101000.mdio: phy[0]: device 4a101000.mdio:00, driver SMSC LAN8710/LAN8720
[    1.203127] cpsw-switch 4a100000.switch: initialized cpsw ale version 1.4
[    1.203154] cpsw-switch 4a100000.switch: ALE Table size 1024, Policers 0
[    1.203442] cpsw-switch 4a100000.switch: cpts: overflow check period 500 (jiffies)
[    1.203470] cpsw-switch 4a100000.switch: CPTS: ref_clk_freq:250000000 calc_mult:2147483648 calc_shift:29 error:0 nsec/sec
[    1.203558] cpsw-switch 4a100000.switch: Detected MACID = c4:f3:12:73:1c:92
[    1.205383] cpsw-switch 4a100000.switch: initialized (regs 0x4a100000, pool size 256) hw_ver:0019010C 1.12 (0)
[    1.217834] debugfs: Directory '49000000.dma' with parent 'dmaengine' already present!
[    1.217875] edma 49000000.dma: TI EDMA DMA engine driver
[    1.231237] omap-gpmc 50000000.gpmc: GPMC revision 6.0
[    1.231275] gpmc_mem_init: disabling cs 0 mapped at 0x0-0x1000000
[    1.236508] omap-sham 53100000.sham: hw accel on OMAP rev 4.3
[    1.236951] omap-sham 53100000.sham: will run requests pump with realtime priority
[    1.238773] omap-aes 53500000.aes: OMAP AES hw accel rev: 3.2
[    1.239191] omap-aes 53500000.aes: will run requests pump with realtime priority
[    1.239801] ti-sysc 44e31000.target-module: Failed to create device link (0x180) with ocp
[    1.239833] ti-sysc 48040000.target-module: Failed to create device link (0x180) with ocp
[    1.271654] 44e09000.serial: ttyS0 at MMIO 0x44e09000 (irq = 41, base_baud = 3000000) is a 8250
[    1.271759] printk: legacy console [ttyS0] enabled
[    2.130665] tps65217-pmic: Failed to locate of_node [id: -1]
[    2.136717] tps65217-bl: Failed to locate of_node [id: -1]
[    2.147514] tps65217 0-0024: TPS65217 ID 0xe version 1.2
[    2.153133] omap_i2c 44e0b000.i2c: bus 0 rev0.11 at 400 kHz
[    2.166193] omap_gpio 44e07000.gpio: Could not set line 6 debounce to 200000 microseconds (-22)
[    2.175040] sdhci-omap 48060000.mmc: Got CD GPIO
[    2.180162] sdhci-omap 48060000.mmc: supply pbias not found, using dummy regulator
[    2.188450] nand: device found, Manufacturer ID: 0x2c, Chip ID: 0xda
[    2.194910] nand: Micron MT29F2G08ABAEAWP
[    2.198953] nand: 256 MiB, SLC, erase size: 128 KiB, page size: 2048, OOB size: 64
[    2.206770] nand: using OMAP_ECC_BCH8_CODE_HW ECC scheme
[    2.212382] 11 fixed-partitions partitions found on MTD device omap2-nand.0
[    2.219401] Creating 11 MTD partitions on "omap2-nand.0":
[    2.224877] 0x000000000000-0x000000020000 : "spl"
[    2.230101] sdhci-omap 48060000.mmc: supply vqmmc not found, using dummy regulator
[    2.270330] 0x000000020000-0x000000040000 : "spl_backup1"
[    2.279300] 0x000000040000-0x000000060000 : "spl_backup2"
[    2.316185] 0x000000060000-0x000000080000 : "spl_backup3"
[    2.324357] 0x000000080000-0x000000240000 : "u-boot"
[    2.332863] 0x000000240000-0x000000260000 : "bootenv"
[    2.340465] 0x000000260000-0x000000280000 : "fdt"
[    2.362698] 0x000000280000-0x000000780000 : "kernel"
[    2.375133] 0x000000800000-0x000001c00000 : "root"
[    2.380674] mmc0: SDHCI controller on 48060000.mmc [48060000.mmc] using External DMA
[    2.428623] 0x000001c00000-0x000003000000 : "config"
[    2.446596] 0x000003000000-0x000010000000 : "data"
[    2.567499] cpufreq: cpufreq_online: CPU0: Running at unlisted initial frequency: 550000 KHz, changing to: 600000 KHz
[    2.579632] clk: Disabling unused clocks
[    2.583852] PM: genpd: Disabling unused power domains
[    2.591827] Freeing unused kernel image (initmem) memory: 1024K
[    2.598194] Run /init as init process
[    2.629108] watchdog: watchdog0: watchdog did not stop!
[    2.674770] ubi0: attaching mtd10
[    3.258116] ubi0: scanning is finished
[    3.274972] ubi0: attached mtd10 (name "data", size 208 MiB)
[    3.280777] ubi0: PEB size: 131072 bytes (128 KiB), LEB size: 129024 bytes
[    3.287699] ubi0: min./max. I/O unit sizes: 2048/2048, sub-page size 512
[    3.294468] ubi0: VID header offset: 512 (aligned 512), data offset: 2048
[    3.301314] ubi0: good PEBs: 1664, bad PEBs: 0, corrupted PEBs: 0
[    3.307447] ubi0: user volume: 1, internal volumes: 1, max. volumes count: 128
[    3.314727] ubi0: max/mean erase counter: 4/2, WL threshold: 4096, image sequence number: 1509894993
[    3.323932] ubi0: available PEBs: 0, total reserved PEBs: 1664, PEBs reserved for bad PEB handling: 40
[    3.333466] ubi0: background thread "ubi_bgt0d" started, PID 61
[    3.355303] UBIFS (ubi0:0): Mounting in unauthenticated mode
[    3.361347] UBIFS (ubi0:0): background thread "ubifs_bgt0_0" started, PID 64
[    3.409523] UBIFS (ubi0:0): recovery needed
[    3.550617] UBIFS (ubi0:0): recovery completed
[    3.555231] UBIFS (ubi0:0): UBIFS: mounted UBI device 0, volume 0, name "data"
[    3.562524] UBIFS (ubi0:0): LEB size: 129024 bytes (126 KiB), min./max. I/O unit sizes: 2048 bytes/2048 bytes
[    3.572533] UBIFS (ubi0:0): FS size: 207470592 bytes (197 MiB, 1608 LEBs), max 1620 LEBs, journal size 10450944 bytes (9 MiB, 81 LEBs)
[    3.584700] UBIFS (ubi0:0): reserved for root: 4952683 bytes (4836 KiB)
[    3.591363] UBIFS (ubi0:0): media format: w5/r0 (latest is w5/r0), UUID 076F54AD-14ED-40F7-A2C5-652E6D3098F5, small LPT model
init: overlay root on ubi0:data (attempt 1)
init started: BusyBox v1.36.1 ()
starting pid 88, tty '': '/bin/mount -t proc proc /proc'
starting pid 89, tty '': '/bin/mount -t sysfs sysfs /sys'
starting pid 90, tty '': '/bin/mount -t devtmpfs devtmpfs /dev'
starting pid 91, tty '': '/bin/mount -o remount,rw /'
starting pid 92, tty '': '/bin/mkdir -p /dev/pts'
starting pid 93, tty '': '/bin/mount -t devpts devpts /dev/pts'
starting pid 94, tty '': '/bin/mount -a'
[    4.249143] jffs2: notice: (94) jffs2_build_xattr_subsystem: complete building xattr subsystem, 0 of xdatum (0 unchecked, 0 orphan) and 0 of xref (0 dead, 0 orphan) found.
starting pid 96, tty '': '/sbin/swapon -a'
starting pid 102, tty '': '/etc/init.d/rcS'
Starting mdev... OK
Starting hardware watchdog (60 s)
[    8.059993] random: crng init done
antminer-config: hostname antminer-731c92 (mac c4f312731c92)
Configuring network interfaces... [    8.372626] cpsw-switch 4a100000.switch: starting ndev. mode: dual_mac
[    8.451074] SMSC LAN8710/LAN8720 4a101000.mdio:00: attached PHY driver (mii_bus:phy_addr=4a101000.mdio:00, irq=POLL)
udhcpc: started, v1.36.1
udhcpc: broadcasting discover
udhcpc: broadcasting discover
[   11.610900] cpsw-switch 4a100000.switch eth0: Link is Up - 100Mbps/Full - flow control off
udhcpc: broadcasting discover
udhcpc: broadcasting select for 192.168.200.105, server 192.168.200.1
udhcpc: lease of 192.168.200.105 obtained from 192.168.200.1, lease time 7200
/etc/udhcpc.d/50default: Adding DNS 192.168.200.1
done.
Starting ntpd (server pool.ntp.org)
Starting Dropbear SSH server: dropbear.
Starting syslogd/klogd: done
Starting OpenPLC runtime (http://antminer-731c92:8080)
starting pid 271, tty '/dev/ttyS0': '/usr/sbin/ttyrun ttyS0 /sbin/getty 115200 ttyS0'

Antminer I/O Module 0.1 antminer-731c92 /dev/ttyS0

antminer-731c92 login: 