root@antminer-731c92:~# starting pid 408, tty '': '/etc/init.d/rcK'
Stopping Dropbear SSH server: stopped /usr/sbin/dropbear (pid 258)
dropbear.
Stopping OpenPLC runtime
stopped process in pidfile '/var/run/openplc-webserver.pid' (pid 272)
stopped process in pidfile '/var/run/antminer-ntpd.pid' (pid 253)
Stopping syslogd/klogd: stopped syslogd (pid 264)
stopped klogd (pid 267)
done
Unmounting remote filesystems...
Deconfiguring network interfaces... [ 1012.717375] cpsw-switch 4a100000.switch eth0: Link is Down
done.
starting pid 447, tty '': '/sbin/swapoff -a'
starting pid 448, tty '': '/bin/umount -a -r'
umount: devtmpfs busy - remounted read-only
The system is going down NOW!
Sent SIGTERM to all processes
Sent SIGKILL to all processes
Requesting system reboot
[ 1014.819602] reboot: Restarting system

U-Boot SPL 2013.04-dirty (Aug 04 2014 - 11:06:44)
Control_status {00420313}
Could not probe the EEPROM; something fundamentally wrong on the I2C bus.
Could not get board ID.
default->A335BNLT.
musb-hdrc: ConfigData=0xde (UTMI-8, dyn FIFOs, HB-ISO Rx, HB-ISO Tx, SoftConn)
musb-hdrc: MHDRC RTL version 2.0 
musb-hdrc: setup fifo_mode 4
musb-hdrc: 28/31 max ep, 16384/16384 memory
USB Peripheral mode controller at 47401000 using PIO, IRQ 0
musb-hdrc: ConfigData=0xde (UTMI-8, dyn FIFOs, HB-ISO Rx, HB-ISO Tx, SoftConn)
musb-hdrc: MHDRC RTL version 2.0 
musb-hdrc: setup fifo_mode 4
musb-hdrc: 28/31 max ep, 16384/16384 memory
USB Host mode controller at 47401800 using PIO, IRQ 0
CONFIG_SYS_NAND_U_BOOT_OFFS:80000
CONFIG_SYS_NAND_PAGE_SIZE:800
spl_image.size:5cd2c
spl_image.load_addr:807fffc0
image entry point: 0x80800000


U-Boot 2013.04-dirty (Jan 04 2015 - 17:08:05)

I2C:   ready
DRAM:  256 MiB
WARNING: Caches not enabled
Could not probe the EEPROM; something fundamentally wrong on the I2C bus.
Could not get board ID.
NAND:  256 MiB
MMC:   OMAP SD/MMC: 0, OMAP SD/MMC: 1
*** Warning - bad CRC, using default environment

musb-hdrc: ConfigData=0xde (UTMI-8, dyn FIFOs, HB-ISO Rx, HB-ISO Tx, SoftConn)
musb-hdrc: MHDRC RTL version 2.0 
musb-hdrc: setup fifo_mode 4
musb-hdrc: 28/31 max ep, 16384/16384 memory
USB Peripheral mode controller at 47401000 using PIO, IRQ 0
musb-hdrc: ConfigData=0xde (UTMI-8, dyn FIFOs, HB-ISO Rx, HB-ISO Tx, SoftConn)
musb-hdrc: MHDRC RTL version 2.0 
musb-hdrc: setup fifo_mode 4
musb-hdrc: 28/31 max ep, 16384/16384 memory
USB Host mode controller at 47401800 using PIO, IRQ 0
Net:   <ethaddr> not set. Validating first E-fuse MAC
cpsw, usb_ether
Press ESC to abort autoboot in 1 seconds
gpio: pin 53 (gpio 53) value is 1
mmc0 is current device
micro SD card found
mmc0 is current device
gpio: pin 54 (gpio 54) value is 1
SD/MMC found on device 0
reading uEnv.txt
1109 bytes read in 3 ms (360.4 KiB/s)
Loaded environment from uEnv.txt
Importing environment from mmc ...
Running uenvcmd ...
Booting the Antminer provisioning system from SD
reading am335x-antminer.dtb
69466 bytes read in 12 ms (5.5 MiB/s)
reading initramfs.cpio.gz.u-boot
5623409 bytes read in 642 ms (8.4 MiB/s)
reading uImage
2846072 bytes read in 326 ms (8.3 MiB/s)
## Booting kernel from Legacy Image at 82000000 ...
   Image Name:   Linux-6.12.112
   Image Type:   ARM Linux Kernel Image (uncompressed)
   Data Size:    2846008 Bytes = 2.7 MiB
   Load Address: 80008000
   Entry Point:  80008000
   Verifying Checksum ... OK
## Loading init Ramdisk from Legacy Image at 88100000 ...
   Image Name:   antminer-image-antminer-bbb.root
   Image Type:   ARM Linux RAMDisk Image (uncompressed)
   Data Size:    5623345 Bytes = 5.4 MiB
   Load Address: 00000000
   Entry Point:  00000000
   Verifying Checksum ... OK
## Flattened Device Tree blob at 88000000
   Booting using the fdt blob at 0x88000000
   Loading Kernel Image ... OK
OK
   Loading Ramdisk to 8ecda000, end 8f236e31 ... OK
   Using Device Tree in place at 88000000, end 88013f59

Starting kernel ...

[    0.000000] Booting Linux on physical CPU 0x0
[    0.000000] Linux version 6.12.112 (oe-user@oe-host) (arm-poky-linux-gnueabi-gcc (GCC) 13.5.0, GNU ld (GNU Binutils) 2.42.0.20240723) #1 Sat Oct  3 10:36:00 UTC 2026
[    0.000000] CPU: ARMv7 Processor [413fc082] revision 2 (ARMv7), cr=50c5387d
[    0.000000] CPU: PIPT / VIPT nonaliasing data cache, VIPT aliasing instruction cache
[    0.000000] OF: fdt: Machine model: Bitmain Antminer BB-Black V1.8 (AM3352), profile default
[    0.000000] Memory policy: Data cache writeback
[    0.000000] cma: Reserved 16 MiB at 0x8d800000 on node -1
[    0.000000] Zone ranges:
[    0.000000]   Normal   [mem 0x0000000080000000-0x000000008fefffff]
[    0.000000]   HighMem  empty
[    0.000000] Movable zone start for each node
[    0.000000] Early memory node ranges
[    0.000000]   node   0: [mem 0x0000000080000000-0x000000008fefffff]
[    0.000000] Initmem setup node 0 [mem 0x0000000080000000-0x000000008fefffff]
[    0.000000] OF: reserved mem: Reserved memory: No reserved-memory node in the DT
[    0.000000] CPU: All CPU(s) started in SVC mode.
[    0.000000] AM335X ES2.1 (neon)
[    0.000000] Kernel command line: console=ttyS0,115200n8 antminer.root=sd init=/sbin/init
[    0.000000] Dentry cache hash table entries: 32768 (order: 5, 131072 bytes, linear)
[    0.000000] Inode-cache hash table entries: 16384 (order: 4, 65536 bytes, linear)
[    0.000000] Built 1 zonelists, mobility grouping on.  Total pages: 65280
[    0.000000] mem auto-init: stack:all(zero), heap alloc:off, heap free:off
[    0.000000] SLUB: HWalign=64, Order=0-3, MinObjects=0, CPUs=1, Nodes=1
[    0.000000] NR_IRQS: 16, nr_irqs: 16, preallocated irqs: 16
[    0.000000] IRQ: Found an INTC at 0x(ptrval) (revision 5.0) with 128 interrupts
[    0.000000] clocksource: jiffies: mask: 0xffffffff max_cycles: 0xffffffff, max_idle_ns: 19112604462750000 ns
[    0.000000] TI gptimer clocksource: always-on /ocp/interconnect@44c00000/segment@200000/target-module@31000
[    0.000002] sched_clock: 32 bits at 24MHz, resolution 41ns, wraps every 89478484971ns
[    0.000036] clocksource: dmtimer: mask: 0xffffffff max_cycles: 0xffffffff, max_idle_ns: 79635851949 ns
[    0.000655] TI gptimer clockevent: 24000000 Hz at /ocp/interconnect@48000000/segment@0/target-module@40000
[    0.002703] Calibrating delay loop... 548.86 BogoMIPS (lpj=2744320)
[    0.050788] CPU: Testing write buffer coherency: ok
[    0.050882] CPU0: Spectre v2: using BPIALL workaround
[    0.050898] pid_max: default: 32768 minimum: 301
[    0.051112] Mount-cache hash table entries: 1024 (order: 0, 4096 bytes, linear)
[    0.051144] Mountpoint-cache hash table entries: 1024 (order: 0, 4096 bytes, linear)
[    0.053616] Setting up static identity map for 0x80100000 - 0x80100054
[    0.054025] Memory: 228264K/261120K available (4096K kernel code, 374K rwdata, 1704K rodata, 1024K init, 178K bss, 15840K reserved, 16384K cma-reserved, 0K highmem)
[    0.054646] devtmpfs: initialized
[    0.081564] VFP support v0.3: implementor 41 architecture 3 part 30 variant c rev 3
[    0.081999] futex hash table entries: 256 (order: 0, 3072 bytes, linear)
[    0.083460] pinctrl core: initialized pinctrl subsystem
[    0.086043] NET: Registered PF_NETLINK/PF_ROUTE protocol family
[    0.089303] DMA: preallocated 256 KiB pool for atomic coherent allocations
[    0.091250] thermal_sys: Registered thermal governor 'fair_share'
[    0.091268] thermal_sys: Registered thermal governor 'step_wise'
[    0.091282] thermal_sys: Registered thermal governor 'user_space'
[    0.091328] cpuidle: using governor menu
[    0.135518] pps_core: LinuxPPS API ver. 1 registered
[    0.135544] pps_core: Software ver. 5.3.6 - Copyright 2005-2007 Rodolfo Giometti <giometti@linux.it>
[    0.135586] PTP clock support registered
[    0.139864] clocksource: Switched to clocksource dmtimer
[    0.142986] NET: Registered PF_INET protocol family
[    0.143325] IP idents hash table entries: 4096 (order: 3, 32768 bytes, linear)
[    0.144707] tcp_listen_portaddr_hash hash table entries: 1024 (order: 0, 4096 bytes, linear)
[    0.144756] Table-perturb hash table entries: 65536 (order: 6, 262144 bytes, linear)
[    0.144794] TCP established hash table entries: 2048 (order: 1, 8192 bytes, linear)
[    0.144842] TCP bind hash table entries: 2048 (order: 2, 16384 bytes, linear)
[    0.144902] TCP: Hash tables configured (established 2048 bind 2048)
[    0.145031] UDP hash table entries: 256 (order: 0, 4096 bytes, linear)
[    0.145070] UDP-Lite hash table entries: 256 (order: 0, 4096 bytes, linear)
[    0.145284] NET: Registered PF_UNIX/PF_LOCAL protocol family
[    0.146946] Unpacking initramfs...
[    0.160821] workingset: timestamp_bits=30 max_order=16 bucket_order=0
[    0.161557] jffs2: version 2.2. (NAND) (SUMMARY)  ?? 2001-2006 Red Hat, Inc.
[    0.162060] Key type asymmetric registered
[    0.162082] Asymmetric key parser 'x509' registered
[    0.162163] io scheduler mq-deadline registered
[    0.162179] io scheduler kyber registered
[    0.162221] io scheduler bfq registered
[    0.164258] target-module@4b000000:target-module@140000:pmu@0:fck: device ID is greater than 24
[    0.165790] ledtrig-cpu: registered to indicate activity on CPUs
[    0.171424] Serial: 8250/16550 driver, 8 ports, IRQ sharing enabled
[    0.196097] i2c_dev: i2c /dev entries driver
[    0.197429] cpuidle: enable-method property 'ti,am3352' found operations
[    0.197970] sdhci: Secure Digital Host Controller Interface driver
[    0.197982] sdhci: Copyright(c) Pierre Ossman
[    0.197991] sdhci-pltfm: SDHCI platform and OF driver helper
[    0.199641] Initializing XFRM netlink socket
[    0.199703] NET: Registered PF_PACKET protocol family
[    0.199744] NET: Registered PF_KEY protocol family
[    0.199820] Key type dns_resolver registered
[    0.200013] ThumbEE CPU extension supported.
[    0.200037] Registering SWP/SWPB emulation handler
[    0.200691] omap_voltage_late_init: Voltage driver support not added
[    0.326186] /ocp/interconnect@44c00000/segment@200000/target-module@10000/scm@0/pinmux@800: Fixed dependency cycle(s) with /ocp/interconnect@44c00000/segment@200000/target-module@10000/scm@0/pinmux@800/unused-pads-pins
[    0.326276] /ocp/interconnect@44c00000/segment@200000/target-module@10000/scm@0/pinmux@800: Fixed dependency cycle(s) with /ocp/interconnect@44c00000/segment@200000/target-module@10000/scm@0/pinmux@800/board-gpio-pins
[    0.327167] pinctrl-single 44e10800.pinmux: 142 pins, size 568
[    0.354515] omap_wdt: OMAP Watchdog Timer Rev 0x01: initial timeout 60 sec
[    0.357192] omap_rtc 44e3e000.rtc: already running
[    0.370663] omap_rtc 44e3e000.rtc: registered as rtc0
[    0.370744] omap_rtc 44e3e000.rtc: setting system clock to 2026-10-06T17:07:50 UTC (1791306470)
[    0.380080] 48022000.serial: ttyS1 at MMIO 0x48022000 (irq = 21, base_baud = 3000000) is a 8250
[    0.396078] 48024000.serial: ttyS2 at MMIO 0x48024000 (irq = 22, base_baud = 3000000) is a 8250
[    0.442406] OMAP GPIO hardware version 0.1
[    0.462523] omap_i2c 4819c000.i2c: bus 2 rev0.11 at 100 kHz
[    0.471514] 481a8000.serial: ttyS4 at MMIO 0x481a8000 (irq = 31, base_baud = 3000000) is a 8250
[    0.486574] 481aa000.serial: ttyS5 at MMIO 0x481aa000 (irq = 32, base_baud = 3000000) is a 8250
[    0.506790] 48000000.interconnect:segment@200000:target-module@0:mpu@0:fck: device ID is greater than 24
[    0.570598] davinci_mdio 4a101000.mdio: davinci mdio revision 1.6, bus freq 1000000
[    1.163550] Freeing initrd memory: 5492K
[    1.211161] davinci_mdio 4a101000.mdio: phy[0]: device 4a101000.mdio:00, driver SMSC LAN8710/LAN8720
[    1.211887] cpsw-switch 4a100000.switch: initialized cpsw ale version 1.4
[    1.211915] cpsw-switch 4a100000.switch: ALE Table size 1024, Policers 0
[    1.212195] cpsw-switch 4a100000.switch: cpts: overflow check period 500 (jiffies)
[    1.212222] cpsw-switch 4a100000.switch: CPTS: ref_clk_freq:250000000 calc_mult:2147483648 calc_shift:29 error:0 nsec/sec
[    1.212298] cpsw-switch 4a100000.switch: Detected MACID = c4:f3:12:73:1c:92
[    1.214160] cpsw-switch 4a100000.switch: initialized (regs 0x4a100000, pool size 256) hw_ver:0019010C 1.12 (0)
[    1.226584] debugfs: Directory '49000000.dma' with parent 'dmaengine' already present!
[    1.226625] edma 49000000.dma: TI EDMA DMA engine driver
[    1.239786] omap-gpmc 50000000.gpmc: GPMC revision 6.0
[    1.239824] gpmc_mem_init: disabling cs 0 mapped at 0x0-0x1000000
[    1.245151] omap-sham 53100000.sham: hw accel on OMAP rev 4.3
[    1.245591] omap-sham 53100000.sham: will run requests pump with realtime priority
[    1.247401] omap-aes 53500000.aes: OMAP AES hw accel rev: 3.2
[    1.247821] omap-aes 53500000.aes: will run requests pump with realtime priority
[    1.248430] ti-sysc 44e31000.target-module: Failed to create device link (0x180) with ocp
[    1.248463] ti-sysc 48040000.target-module: Failed to create device link (0x180) with ocp
[    1.280813] 44e09000.serial: ttyS0 at MMIO 0x44e09000 (irq = 42, base_baud = 3000000) is a 8250
[    1.280919] printk: legacy console [ttyS0] enabled
[    2.120562] tps65217-pmic: Failed to locate of_node [id: -1]
[    2.126587] tps65217-bl: Failed to locate of_node [id: -1]
[    2.137416] tps65217 0-0024: TPS65217 ID 0xe version 1.2
[    2.143036] omap_i2c 44e0b000.i2c: bus 0 rev0.11 at 400 kHz
[    2.156184] omap_gpio 44e07000.gpio: Could not set line 6 debounce to 200000 microseconds (-22)
[    2.165034] sdhci-omap 48060000.mmc: Got CD GPIO
[    2.170151] sdhci-omap 48060000.mmc: supply pbias not found, using dummy regulator
[    2.178436] nand: device found, Manufacturer ID: 0x2c, Chip ID: 0xda
[    2.184888] nand: Micron MT29F2G08ABAEAWP
[    2.188932] nand: 256 MiB, SLC, erase size: 128 KiB, page size: 2048, OOB size: 64
[    2.196753] nand: using OMAP_ECC_BCH8_CODE_HW ECC scheme
[    2.202383] 11 fixed-partitions partitions found on MTD device omap2-nand.0
[    2.209403] Creating 11 MTD partitions on "omap2-nand.0":
[    2.214878] 0x000000000000-0x000000020000 : "spl"
[    2.219967] sdhci-omap 48060000.mmc: supply vqmmc not found, using dummy regulator
[    2.260062] 0x000000020000-0x000000040000 : "spl_backup1"
[    2.269134] 0x000000040000-0x000000060000 : "spl_backup2"
[    2.306048] 0x000000060000-0x000000080000 : "spl_backup3"
[    2.314289] 0x000000080000-0x000000240000 : "u-boot"
[    2.322731] 0x000000240000-0x000000260000 : "bootenv"
[    2.330317] 0x000000260000-0x000000280000 : "fdt"
[    2.352501] 0x000000280000-0x000000780000 : "kernel"
[    2.365109] 0x000000800000-0x000001c00000 : "root"
[    2.370624] mmc0: SDHCI controller on 48060000.mmc [48060000.mmc] using External DMA
[    2.392722] 0x000001c00000-0x000003000000 : "config"
[    2.410715] 0x000003000000-0x000010000000 : "data"
[    2.459040] mmc0: new high speed SDHC card at address 1388
[    2.470421] mmcblk0: mmc0:1388 USD00 14.7 GiB
[    2.492379]  mmcblk0: p1 p2
[    2.550590] cpufreq: cpufreq_online: CPU0: Running at unlisted initial frequency: 550000 KHz, changing to: 600000 KHz
[    2.562692] clk: Disabling unused clocks
[    2.566843] PM: genpd: Disabling unused power domains
[    2.574860] Freeing unused kernel image (initmem) memory: 1024K
[    2.581276] Run /init as init process
[    2.612074] watchdog: watchdog0: watchdog did not stop!
[    2.706278] EXT4-fs (mmcblk0p2): mounted filesystem 810a591c-bff3-4124-a215-509aff5818ca r/w with ordered data mode. Quota mode: disabled.
init: root on SD card /dev/mmcblk0p2
init started: BusyBox v1.36.1 ()
starting pid 64, tty '': '/bin/mount -t proc proc /proc'
starting pid 65, tty '': '/bin/mount -t sysfs sysfs /sys'
starting pid 66, tty '': '/bin/mount -t devtmpfs devtmpfs /dev'
starting pid 67, tty '': '/bin/mount -o remount,rw /'
[    2.998756] EXT4-fs (mmcblk0p2): re-mounted 810a591c-bff3-4124-a215-509aff5818ca.
starting pid 68, tty '': '/bin/mkdir -p /dev/pts'
starting pid 69, tty '': '/bin/mount -t devpts devpts /dev/pts'
starting pid 70, tty '': '/bin/mount -a'
[    3.192521] jffs2: notice: (70) jffs2_build_xattr_subsystem: complete building xattr subsystem, 0 of xdatum (0 unchecked, 0 orphan) and 0 of xref (0 dead, 0 orphan) found.
starting pid 72, tty '': '/sbin/swapon -a'
starting pid 78, tty '': '/etc/init.d/rcS'
Starting mdev... OK
[    4.571643] EXT4-fs (mmcblk0p2): re-mounted 810a591c-bff3-4124-a215-509aff5818ca.
Starting hardware watchdog (60 s)
[    7.469893] random: crng init done
antminer-config: hostname antminer-731c92 (mac c4f312731c92)
Configuring network interfaces... [    7.714993] cpsw-switch 4a100000.switch: starting ndev. mode: dual_mac
[    7.790977] SMSC LAN8710/LAN8720 4a101000.mdio:00: attached PHY driver (mii_bus:phy_addr=4a101000.mdio:00, irq=POLL)
udhcpc: started, v1.36.1
udhcpc: broadcasting discover
udhcpc: broadcasting discover
[   10.970786] cpsw-switch 4a100000.switch eth0: Link is Up - 100Mbps/Full - flow control off
udhcpc: broadcasting discover
udhcpc: broadcasting select for 192.168.200.105, server 192.168.200.1
udhcpc: lease of 192.168.200.105 obtained from 192.168.200.1, lease time 7200
/etc/udhcpc.d/50default: Adding DNS 192.168.200.1
done.
Starting ntpd (server pool.ntp.org)
Starting Dropbear SSH server: dropbear.
================================================================================================================

  AAnnttmmiinneerr  pprroovviissiioonniinngg  ssyysstteemm  ((rruunnnniinngg  ffrroomm  tthhee  SSDD  ccaarrdd))

      bbooaarrdd  MMAACC  cc44::ff33::1122::7733::11cc::9922      SSYYSSBBOOOOTT  00xx0000442200331133

      wweebb  UUII::    hhttttpp::////119922..116688..220000..110055//

      sssshh::          rroooott@@119922..116688..220000..110055  ((nnoo  ppaasssswwoorrdd))

================================================================================================================

Starting syslogd/klogd: done
Starting Antminer web UI on port 80
starting pid 301, tty '/dev/ttyS0': '/usr/sbin/ttyrun ttyS0 /sbin/getty 115200 ttyS0'

Antminer I/O Module 0.1 antminer-731c92 /dev/ttyS0

antminer-731c92 login: 